Data Source=(localdb)\MSSQLLocalDB;Initial Catalog=countriesSource;Integrated Security=True;
   Connect Timeout=30;Encrypt=False;Trust Server Certificate=False;Application Intent=ReadWrite;Multi Subnet Failover=False
command line for march 1 --------------------------------
C:\Users\kh592475\Desktop\folder2>cd serverSideApplication

C:\Users\kh592475\Desktop\folder2\serverSideApplication>cd CountryModel

C:\Users\kh592475\Desktop\folder2\serverSideApplication\CountryModel>dotNET tool install dotnet-ef --global
Skipping NuGet package signature verification.
You can invoke the tool using the following command: dotnet-ef
Tool 'dotnet-ef' (version '8.0.2') was successfully installed.

C:\Users\kh592475\Desktop\folder2\serverSideApplication\CountryModel>dotNET ef help
You must install or update .NET to run this application.

App: C:\Users\kh592475\.dotnet\tools\dotnet-ef.exe
Architecture: x64
Framework: 'Microsoft.NETCore.App', version '8.0.2' (x64)
.NET location: C:\Program Files\dotnet\

The following frameworks were found:
  2.1.30 at [C:\Program Files\dotnet\shared\Microsoft.NETCore.App]
  3.1.32 at [C:\Program Files\dotnet\shared\Microsoft.NETCore.App]
  5.0.17 at [C:\Program Files\dotnet\shared\Microsoft.NETCore.App]
  6.0.20 at [C:\Program Files\dotnet\shared\Microsoft.NETCore.App]
  6.0.26 at [C:\Program Files\dotnet\shared\Microsoft.NETCore.App]
  7.0.9 at [C:\Program Files\dotnet\shared\Microsoft.NETCore.App]
  7.0.15 at [C:\Program Files\dotnet\shared\Microsoft.NETCore.App]
  8.0.1 at [C:\Program Files\dotnet\shared\Microsoft.NETCore.App]

Learn more:
https://aka.ms/dotnet/app-launch-failed

To install missing framework, download:
https://aka.ms/dotnet-core-applaunch?framework=Microsoft.NETCore.App&framework_version=8.0.2&arch=x64&rid=win-x64&os=win10

C:\Users\kh592475\Desktop\folder2\serverSideApplication\CountryModel>dotnet ef --help
You must install or update .NET to run this application.

App: C:\Users\kh592475\.dotnet\tools\dotnet-ef.exe
Architecture: x64
Framework: 'Microsoft.NETCore.App', version '8.0.2' (x64)
.NET location: C:\Program Files\dotnet\

The following frameworks were found:
  2.1.30 at [C:\Program Files\dotnet\shared\Microsoft.NETCore.App]
  3.1.32 at [C:\Program Files\dotnet\shared\Microsoft.NETCore.App]
  5.0.17 at [C:\Program Files\dotnet\shared\Microsoft.NETCore.App]
  6.0.20 at [C:\Program Files\dotnet\shared\Microsoft.NETCore.App]
  6.0.26 at [C:\Program Files\dotnet\shared\Microsoft.NETCore.App]
  7.0.9 at [C:\Program Files\dotnet\shared\Microsoft.NETCore.App]
  7.0.15 at [C:\Program Files\dotnet\shared\Microsoft.NETCore.App]
  8.0.1 at [C:\Program Files\dotnet\shared\Microsoft.NETCore.App]

Learn more:
https://aka.ms/dotnet/app-launch-failed

To install missing framework, download:
https://aka.ms/dotnet-core-applaunch?framework=Microsoft.NETCore.App&framework_version=8.0.2&arch=x64&rid=win-x64&os=win10

C:\Users\kh592475\Desktop\folder2\serverSideApplication\CountryModel>dotNET tool install dotNET-ef --global
Tool 'dotnet-ef' is already installed.

C:\Users\kh592475\Desktop\folder2\serverSideApplication\CountryModel>dotNET tool uninstall dotNET-ef --global
Tool 'dotnet-ef' (version '8.0.2') was successfully uninstalled.

C:\Users\kh592475\Desktop\folder2\serverSideApplication\CountryModel>dotNET tool uninstall dotNET-ef --version 8.0.1 --global
Unrecognized command or argument '--version'.
Unrecognized command or argument '8.0.1'.

Description:
  Uninstall a global tool or local tool.

Usage:
  dotnet tool uninstall <packageId> [options]

Arguments:
  <PACKAGE_ID>  The NuGet Package Id of the tool to install.

Options:
  -g, --global            Uninstall the tool from the current user's tools directory.
  --local                 Uninstall the tool and remove it from the local tool manifest.
  --tool-path <PATH>      The directory containing the tool to uninstall.
  --tool-manifest <PATH>  Path to the manifest file.
  -?, -h, --help          Show command line help.




C:\Users\kh592475\Desktop\folder2\serverSideApplication\CountryModel>dotNET tool uninstall dotNET-ef --Version 8.0.1 --global
Unrecognized command or argument '--Version'.
Unrecognized command or argument '8.0.1'.

Description:
  Uninstall a global tool or local tool.

Usage:
  dotnet tool uninstall <packageId> [options]

Arguments:
  <PACKAGE_ID>  The NuGet Package Id of the tool to install.

Options:
  -g, --global            Uninstall the tool from the current user's tools directory.
  --local                 Uninstall the tool and remove it from the local tool manifest.
  --tool-path <PATH>      The directory containing the tool to uninstall.
  --tool-manifest <PATH>  Path to the manifest file.
  -?, -h, --help          Show command line help.




C:\Users\kh592475\Desktop\folder2\serverSideApplication\CountryModel>dotNET tool install dotNET-ef --Version 8.0.1 --global
Unrecognized command or argument '--Version'.
Unrecognized command or argument '8.0.1'.

Description:
  Install global or local tool. Local tools are added to manifest and restored.

Usage:
  dotnet tool install <packageId> [options]

Arguments:
  <PACKAGE_ID>  The NuGet Package Id of the tool to install.

Options:
  -g, --global                 Install the tool for the current user.
  --local                      Install the tool and add to the local tool manifest (default).
  --tool-path <PATH>           The directory where the tool will be installed. The directory will be created if it does not exist.
  --version <VERSION>          The version of the tool package to install.
  --configfile <FILE>          The NuGet configuration file to use.
  --tool-manifest <PATH>       Path to the manifest file.
  --add-source <SOURCE>        Add an additional NuGet package source to use during installation.
  --framework <FRAMEWORK>      The target framework to install the tool for.
  --prerelease                 Include pre-release packages.
  --disable-parallel           Prevent restoring multiple projects in parallel.
  --ignore-failed-sources      Treat package source failures as warnings.
  --no-cache                   Do not cache packages and http requests.
  --interactive                Allows the command to stop and wait for user input or action (for example to complete authentication).
  -v, --verbosity <LEVEL>      Set the MSBuild verbosity level. Allowed values are q[uiet], m[inimal], n[ormal], d[etailed], and diag[nostic].
  -a, --arch <arch>            The target architecture.
  --create-manifest-if-needed  Create a tool manifest if one isn't found during tool installation. For information on how manifests are located, see
                               https://aka.ms/dotnet/tools/create-manifest-if-needed
  -?, -h, --help               Show command line help.




C:\Users\kh592475\Desktop\folder2\serverSideApplication\CountryModel>dotNET tool install dotNET-ef --version 8.0.1 --global
Skipping NuGet package signature verification.
You can invoke the tool using the following command: dotnet-ef
Tool 'dotnet-ef' (version '8.0.1') was successfully installed.

C:\Users\kh592475\Desktop\folder2\serverSideApplication\CountryModel>dotnet ef --help
Entity Framework Core .NET Command-line Tools 8.0.1

Usage: dotnet ef [options] [command]

Options:
  --version        Show version information
  -h|--help        Show help information
  -v|--verbose     Show verbose output.
  --no-color       Don't colorize output.
  --prefix-output  Prefix output with level.

Commands:
  database    Commands to manage the database.
  dbcontext   Commands to manage DbContext types.
  migrations  Commands to manage migrations.

Use "dotnet ef [command] --help" for more information about a command.

C:\Users\kh592475\Desktop\folder2\serverSideApplication\CountryModel>dotNET ef dbcontex --help
Specify --help for a list of available options and commands.
Unrecognized command or argument 'dbcontex'

C:\Users\kh592475\Desktop\folder2\serverSideApplication\CountryModel>dotNET ef dbcontext --help


Usage: dotnet ef dbcontext [options] [command]

Options:
  -h|--help        Show help information
  -v|--verbose     Show verbose output.
  --no-color       Don't colorize output.
  --prefix-output  Prefix output with level.

Commands:
  info      Gets information about a DbContext type.
  list      Lists available DbContext types.
  optimize  Generates a compiled version of the model used by the DbContext.
  scaffold  Scaffolds a DbContext and entity types for a database.
  script    Generates a SQL script from the DbContext. Bypasses any migrations.

Use "dbcontext [command] --help" for more information about a command.

C:\Users\kh592475\Desktop\folder2\serverSideApplication\CountryModel>dotNET ef dbcontext scaffold --help


Usage: dotnet ef dbcontext scaffold [arguments] [options]

Arguments:
  <CONNECTION>  The connection string to the database.
  <PROVIDER>    The provider to use. (E.g. Microsoft.EntityFrameworkCore.SqlServer)

Options:
  -d|--data-annotations                  Use attributes to configure the model (where possible). If omitted, only the fluent API is used.
  -c|--context <NAME>                    The name of the DbContext. Defaults to the database name.
  --context-dir <PATH>                   The directory to put the DbContext file in. Paths are relative to the project directory.
  -f|--force                             Overwrite existing files.
  -o|--output-dir <PATH>                 The directory to put files in. Paths are relative to the project directory.
  --schema <SCHEMA_NAME>...              The schemas of tables and views to generate entity types for. All tables and views in the schemas will be included in the model, even if they are not explicitly included with the --table parameter.
  -t|--table <TABLE_NAME>...             The tables and views to generate entity types for. Tables or views in a specific schema can be included using the 'schema.table' or 'schema.view' format.
  --use-database-names                   Use table, view, sequence, and column names directly from the database.
  --json                                 Show JSON output. Use with --prefix-output to parse programatically.
  -n|--namespace <NAMESPACE>             The namespace to use. Matches the directory by default.
  --context-namespace <NAMESPACE>        The namespace of the DbContext class. Matches the directory by default.
  --no-onconfiguring                     Don't generate DbContext.OnConfiguring.
  --no-pluralize                         Don't use the pluralizer.
  -p|--project <PROJECT>                 The project to use. Defaults to the current working directory.
  -s|--startup-project <PROJECT>         The startup project to use. Defaults to the current working directory.
  --framework <FRAMEWORK>                The target framework. Defaults to the first one in the project.
  --configuration <CONFIGURATION>        The configuration to use.
  --runtime <RUNTIME_IDENTIFIER>         The runtime to use.
  --msbuildprojectextensionspath <PATH>  The MSBuild project extensions path. Defaults to "obj".
  --no-build                             Don't build the project. Intended to be used when the build is up-to-date.
  -h|--help                              Show help information
  -v|--verbose                           Show verbose output.
  --no-color                             Don't colorize output.
  --prefix-output                        Prefix output with level.

C:\Users\kh592475\Desktop\folder2\serverSideApplication\CountryModel>dotNET ef dbcontext scaffold "Data Source=(localdb)\MSSQLLocalDB;Initial Catalog=countriesSource;Integrated Security=True;" Microsoft.EntityFrameworkCore.SqlServer
Build started...
Build succeeded.
Your startup project 'CountryModel' doesn't reference Microsoft.EntityFrameworkCore.Design. This package is required for the Entity Framework Core Tools to work. Ensure your startup project is correct, install the package, and try again.

C:\Users\kh592475\Desktop\folder2\serverSideApplication\CountryModel>dotNET ef dbcontext scaffold "Data Source=(localdb)\MSSQLLocalDB;Initial Catalog=countriesSource;Integrated Security=True;" Microsoft.EntityFrameworkCore.SqlServer
Build started...
Build succeeded.
Your startup project 'CountryModel' doesn't reference Microsoft.EntityFrameworkCore.Design. This package is required for the Entity Framework Core Tools to work. Ensure your startup project is correct, install the package, and try again.

C:\Users\kh592475\Desktop\folder2\serverSideApplication\CountryModel>dotNET ef dbcontext scaffold "Data Source=(localdb)\MSSQLLocalDB;Initial Catalog=countriesSource;Integrated Security=True;" Microsoft.EntityFrameworkCore.SqlServer
Build started...
Build succeeded.
The Entity Framework tools version '8.0.1' is older than that of the runtime '8.0.2'. Update the tools for the latest features and bug fixes. See https://aka.ms/AAc1fbw for more information.
Unable to find provider assembly 'Microsoft.EntityFrameworkCore.SqlServer'. Ensure the name is correct and it's referenced by the project.

C:\Users\kh592475\Desktop\folder2\serverSideApplication\CountryModel>dotNET ef dbcontext scaffold "Data Source=(localdb)\MSSQLLocalDB;Initial Catalog=countriesSource;Integrated Security=True;" Microsoft.EntityFrameworkCore.SqlServer
Build started...
Build succeeded.
The Entity Framework tools version '8.0.1' is older than that of the runtime '8.0.2'. Update the tools for the latest features and bug fixes. See https://aka.ms/AAc1fbw for more information.
To protect potentially sensitive information in your connection string, you should move it out of source code. You can avoid scaffolding the connection string by using the Name= syntax to read it from configuration - see https://go.microsoft.com/fwlink/?linkid=2131148. For more guidance on storing connection strings, see https://go.microsoft.com/fwlink/?LinkId=723263.

C:\Users\kh592475\Desktop\folder2\serverSideApplication\CountryModel>dotNET ef dbcontext scaffold "Data Source=(localdb)\MSSQLLocalDB;Initial Catalog=countriesSource;Integrated Security=True;" Microsoft.EntityFrameworkCore.SqlServer --data-annotations
Build started...
Build succeeded.
The Entity Framework tools version '8.0.1' is older than that of the runtime '8.0.2'. Update the tools for the latest features and bug fixes. See https://aka.ms/AAc1fbw for more information.
To protect potentially sensitive information in your connection string, you should move it out of source code. You can avoid scaffolding the connection string by using the Name= syntax to read it from configuration - see https://go.microsoft.com/fwlink/?linkid=2131148. For more guidance on storing connection strings, see https://go.microsoft.com/fwlink/?LinkId=723263.
The following file(s) already exist in directory 'C:\Users\kh592475\Desktop\folder2\serverSideApplication\CountryModel\': CountriesSourceContext.cs,City.cs,Country.cs. Use the Force flag to overwrite these files.

C:\Users\kh592475\Desktop\folder2\serverSideApplication\CountryModel>dotNET ef dbcontext scaffold "Data Source=(localdb)\MSSQLLocalDB;Initial Catalog=countriesSource;Integrated Security=True;" Microsoft.EntityFrameworkCore.SqlServer --data-annotations --force
Build started...
Build succeeded.
The Entity Framework tools version '8.0.1' is older than that of the runtime '8.0.2'. Update the tools for the latest features and bug fixes. See https://aka.ms/AAc1fbw for more information.
To protect potentially sensitive information in your connection string, you should move it out of source code. You can avoid scaffolding the connection string by using the Name= syntax to read it from configuration - see https://go.microsoft.com/fwlink/?linkid=2131148. For more guidance on storing connection strings, see https://go.microsoft.com/fwlink/?LinkId=723263.

C:\Users\kh592475\Desktop\folder2\serverSideApplication\CountryModel>dotNET ef --help
Entity Framework Core .NET Command-line Tools 8.0.1

Usage: dotnet ef [options] [command]

Options:
  --version        Show version information
  -h|--help        Show help information
  -v|--verbose     Show verbose output.
  --no-color       Don't colorize output.
  --prefix-output  Prefix output with level.

Commands:
  database    Commands to manage the database.
  dbcontext   Commands to manage DbContext types.
  migrations  Commands to manage migrations.

Use "dotnet ef [command] --help" for more information about a command.

C:\Users\kh592475\Desktop\folder2\serverSideApplication\CountryModel>dotNET ef migrations --help


Usage: dotnet ef migrations [options] [command]

Options:
  -h|--help        Show help information
  -v|--verbose     Show verbose output.
  --no-color       Don't colorize output.
  --prefix-output  Prefix output with level.

Commands:
  add                        Adds a new migration.
  bundle                     Creates an executable to update the database.
  has-pending-model-changes  Checks if any changes have been made to the model since the last migration.
  list                       Lists available migrations.
  remove                     Removes the last migration.
  script                     Generates a SQL script from migrations.

Use "migrations [command] --help" for more information about a command.

C:\Users\kh592475\Desktop\folder2\serverSideApplication\CountryModel>dotNET ef migrations add initial
Build started...
Build succeeded.
The Entity Framework tools version '8.0.1' is older than that of the runtime '8.0.2'. Update the tools for the latest features and bug fixes. See https://aka.ms/AAc1fbw for more information.
Done. To undo this action, use 'ef migrations remove'

C:\Users\kh592475\Desktop\folder2\serverSideApplication\CountryModel>dotNET ef database --help


Usage: dotnet ef database [options] [command]

Options:
  -h|--help        Show help information
  -v|--verbose     Show verbose output.
  --no-color       Don't colorize output.
  --prefix-output  Prefix output with level.

Commands:
  drop    Drops the database.
  update  Updates the database to a specified migration.

Use "database [command] --help" for more information about a command.

C:\Users\kh592475\Desktop\folder2\serverSideApplication\CountryModel>dotNET ef database update
Build started...
Build succeeded.
The Entity Framework tools version '8.0.1' is older than that of the runtime '8.0.2'. Update the tools for the latest features and bug fixes. See https://aka.ms/AAc1fbw for more information.
Applying migration '20240302041355_initial'.
Done.

C:\Users\kh592475\Desktop\folder2\serverSideApplication\CountryModel>
-----------------------------------------------------------